from __future__ import annotations
from typing import Optional
from support.lib.lifecycle import LifecycleRegistry, Singleton, get_default_registry, get_singleton, system
import dag_storage
import loop

# Requirements specified in bazel_loop_impl.pyi

class Loop(loop.Loop, InTier[SystemTier], Singleton):
    tier = system

    def __init__(self) -> None:
        # TODO___init___body
        pass

    def clean_subgraph(self, target: dag_storage.DagNode) -> loop.BuildResult:
        # TODO_clean_subgraph_body
        raise NotImplementedError

    def mark_dirty(self, target: dag_storage.DagNode, message: dag_storage.ChangeMessage) -> None:
        # TODO_mark_dirty_body
        raise NotImplementedError

    def inject_feedback(self, target: dag_storage.DagNode, message: dag_storage.FeedbackMessage) -> None:
        # TODO_inject_feedback_body
        raise NotImplementedError

    def broadcast_change(self, source: dag_storage.DagNode, message: dag_storage.ChangeMessage) -> None:
        # TODO_broadcast_change_body
        raise NotImplementedError


def __initialize__(registry: Optional[LifecycleRegistry] = None) -> None:
    reg = get_default_registry() if registry is None else registry
    reg.register_singleton(
        Loop,
        keys=[Loop, loop.Loop, InTier[SystemTier]],
        tier=system,
    )

_initialize_ = __initialize__
