from __future__ import annotations
from typing import Optional
from support.lib.lifecycle import LifecycleRegistry, Singleton, get_default_registry, get_singleton, system
import bazel_manifest_loader
import dag_storage

# Requirements specified in bazel_manifest_loader_impl.pyi

class BazelManifestLoader(bazel_manifest_loader.BazelManifestLoader, InTier[SystemTier], Singleton):
    tier = system

    def __init__(self) -> None:
        # TODO___init___body
        pass

    def retrieve_manifest(self, node: dag_storage.DagNode) -> Optional[bazel_manifest_loader.TargetManifest]:
        # TODO_retrieve_manifest_body
        raise NotImplementedError

    def load_manifest(self, node: dag_storage.DagNode) -> None:
        # TODO_load_manifest_body
        raise NotImplementedError


def __initialize__(registry: Optional[LifecycleRegistry] = None) -> None:
    reg = get_default_registry() if registry is None else registry
    reg.register_singleton(
        BazelManifestLoader,
        keys=[BazelManifestLoader, bazel_manifest_loader.BazelManifestLoader, InTier[SystemTier]],
        tier=system,
    )

_initialize_ = __initialize__
