from __future__ import annotations
from typing import Optional
from support.lib.lifecycle import LifecycleRegistry, Singleton, get_default_registry, get_singleton, system
from staging.parts.agent.lib.agent_session import agent_session
from agent_session import AgentSessionTier
import agent_file_alias
import agent_node_config
import sandbox_guide_delivery
import tool_provider

# Requirements specified in sandbox_guide_delivery_impl.pyi

class GuideDelivery(sandbox_guide_delivery.GuideDelivery, InTier[AgentSessionTier], Singleton):
    tier = agent_session

    def __init__(self) -> None:
        # TODO___init___body
        pass

    @property
    def guide(self) -> Optional[agent_node_config.NodeGuide]:
        # TODO_guide_body
        raise NotImplementedError

    @property
    def has_steps_remaining(self) -> bool:
        # TODO_has_steps_remaining_body
        raise NotImplementedError

    def parse_guide(self, content: agent_file_alias.FileContent) -> agent_node_config.NodeGuide:
        # TODO_parse_guide_body
        raise NotImplementedError

    def record_initial_primer(self, primer: sandbox_guide_delivery.InitialPrimer) -> None:
        # TODO_record_initial_primer_body
        raise NotImplementedError

    def advance_step(self, verification_passed: bool, failure_diagnostics: agent_node_config.VerificationDiagnostic) -> Optional[tool_provider.ToolResponse]:
        # TODO_advance_step_body
        raise NotImplementedError


def __initialize__(registry: Optional[LifecycleRegistry] = None) -> None:
    reg = get_default_registry() if registry is None else registry
    reg.register_singleton(
        GuideDelivery,
        keys=[GuideDelivery, sandbox_guide_delivery.GuideDelivery, InTier[AgentSessionTier]],
        tier=agent_session,
    )

_initialize_ = __initialize__
