from __future__ import annotations
from typing import Any, Mapping, Optional, Set, Type, Union
from support.lib.lifecycle import LifecycleRegistry, Singleton, get_default_registry, get_singleton, system
from staging.parts.agent.lib.agent_session import agent_session
from agent_session import AgentSessionTier
import agent_file_alias
import sandbox_file_reader
import tool_provider

# Requirements specified in sandbox_file_reader_impl.pyi

class ReadManager(sandbox_file_reader.ReadManager, Singleton):
    tier = agent_session

    def __init__(self) -> None:
        # TODO___init___body
        pass

    @property
    def read_only_files(self) -> Set[agent_file_alias.ReadOnlyFile]:
        # TODO_read_only_files_body
        raise NotImplementedError

    @property
    def read_write_files(self) -> Set[agent_file_alias.ReadWriteFile]:
        # TODO_read_write_files_body
        raise NotImplementedError

    def can_read(self, path: Union[agent_file_alias.RelativePath, agent_file_alias.FileAlias]) -> tool_provider.ToolResponse:
        # TODO_can_read_body
        raise NotImplementedError


class ViewFileTool(sandbox_file_reader.ViewFileTool, Singleton):
    tier = agent_session

    def __init__(self) -> None:
        # TODO___init___body
        pass

    def initialize(self) -> None:
        # TODO_initialize_body
        raise NotImplementedError

    @property
    def name(self) -> tool_provider.ToolName:
        # TODO_name_body
        raise NotImplementedError

    @property
    def description(self) -> tool_provider.ToolDescription:
        # TODO_description_body
        raise NotImplementedError

    @property
    def path_parameter(self) -> tool_provider.ToolParameter[agent_file_alias.FileAlias, str]:
        # TODO_path_parameter_body
        raise NotImplementedError

    @property
    def parameters(self) -> Mapping[tool_provider.ParameterName, tool_provider.ToolParameter[Any, Any]]:
        # TODO_parameters_body
        raise NotImplementedError

    def execute_tool(self, actual_parameter_bindings: Mapping[tool_provider.ToolParameter[Any, Any], tool_provider.SomeParameterActualType]) -> tool_provider.ToolResponse:
        # TODO_execute_tool_body
        raise NotImplementedError


class RegexPatternParameterType(tool_provider.ParameterType[agent_file_alias.RegexPattern, str], InTier[AgentSessionTier], Singleton):
    tier = agent_session

    def __init__(self) -> None:
        # TODO___init___body
        pass

    @property
    def actual_type(self) -> Type[agent_file_alias.RegexPattern]:
        # TODO_actual_type_body
        raise NotImplementedError

    @property
    def wire_type(self) -> Type[str]:
        # TODO_wire_type_body
        raise NotImplementedError

    def convert(self, wire_value: str) -> agent_file_alias.RegexPattern:
        # TODO_convert_body
        raise NotImplementedError


class SearchTool(sandbox_file_reader.SearchTool, Singleton):
    tier = agent_session

    def __init__(self) -> None:
        # TODO___init___body
        pass

    @property
    def name(self) -> tool_provider.ToolName:
        # TODO_name_body
        raise NotImplementedError

    @property
    def description(self) -> tool_provider.ToolDescription:
        # TODO_description_body
        raise NotImplementedError

    @property
    def regex_pattern_parameter(self) -> tool_provider.ToolParameter[agent_file_alias.RegexPattern, str]:
        # TODO_regex_pattern_parameter_body
        raise NotImplementedError

    @property
    def parameters(self) -> Mapping[tool_provider.ParameterName, tool_provider.ToolParameter[Any, Any]]:
        # TODO_parameters_body
        raise NotImplementedError

    def execute_tool(self, actual_parameter_bindings: Mapping[tool_provider.ToolParameter[Any, Any], tool_provider.SomeParameterActualType]) -> tool_provider.ToolResponse:
        # TODO_execute_tool_body
        raise NotImplementedError


def __initialize__(registry: Optional[LifecycleRegistry] = None) -> None:
    reg = get_default_registry() if registry is None else registry
    reg.register_singleton(
        ReadManager,
        keys=[ReadManager, sandbox_file_reader.ReadManager],
        tier=agent_session,
    )
    reg.register_singleton(
        ViewFileTool,
        keys=[ViewFileTool, sandbox_file_reader.ViewFileTool],
        tier=agent_session,
    )
    reg.register_singleton(
        RegexPatternParameterType,
        keys=[RegexPatternParameterType, tool_provider.ParameterType[agent_file_alias.RegexPattern, str], InTier[AgentSessionTier]],
        tier=agent_session,
    )
    reg.register_singleton(
        SearchTool,
        keys=[SearchTool, sandbox_file_reader.SearchTool],
        tier=agent_session,
    )

_initialize_ = __initialize__
