from __future__ import annotations
from typing import Any, Mapping, Optional, Sequence, Set
from support.lib.lifecycle import LifecycleRegistry, Singleton, get_default_registry, get_singleton, system
from staging.parts.agent.lib.agent_session import agent_session
from agent_session import AgentSessionTier
import agent_file_alias
import agent_node_config
import sandbox_run_control
import tool_provider

# Requirements specified in sandbox_run_control_impl.pyi

class CheckFilesTool(sandbox_run_control.CheckFilesTool, InTier[AgentSessionTier], Singleton):
    tier = agent_session

    def __init__(self) -> None:
        # TODO___init___body
        pass

    def execute_tool(self, actual_parameter_bindings: Mapping[tool_provider.ToolParameter[Any, Any], tool_provider.SomeParameterActualType]) -> tool_provider.ToolResponse:
        # TODO_execute_tool_body
        raise NotImplementedError


class AdvanceTool(sandbox_run_control.AdvanceTool, InTier[AgentSessionTier], Singleton):
    tier = agent_session

    def __init__(self) -> None:
        # TODO___init___body
        pass

    def execute_tool(self, actual_parameter_bindings: Mapping[tool_provider.ToolParameter[Any, Any], tool_provider.SomeParameterActualType]) -> tool_provider.ToolResponse:
        # TODO_execute_tool_body
        raise NotImplementedError


class SubmitTool(sandbox_run_control.SubmitTool, InTier[AgentSessionTier], Singleton):
    tier = agent_session

    def __init__(self) -> None:
        # TODO___init___body
        pass

    def execute_tool(self, actual_parameter_bindings: Mapping[tool_provider.ToolParameter[Any, Any], tool_provider.SomeParameterActualType]) -> tool_provider.ToolResponse:
        # TODO_execute_tool_body
        raise NotImplementedError


class FailTool(sandbox_run_control.FailTool, InTier[AgentSessionTier], Singleton):
    tier = agent_session

    def __init__(self) -> None:
        # TODO___init___body
        pass

    def execute_tool(self, actual_parameter_bindings: Mapping[tool_provider.ToolParameter[Any, Any], tool_provider.SomeParameterActualType]) -> tool_provider.ToolResponse:
        # TODO_execute_tool_body
        raise NotImplementedError


class BlameTool(sandbox_run_control.BlameTool, InTier[AgentSessionTier], Singleton):
    tier = agent_session

    def __init__(self) -> None:
        # TODO___init___body
        pass

    def execute_tool(self, actual_parameter_bindings: Mapping[tool_provider.ToolParameter[Any, Any], tool_provider.SomeParameterActualType]) -> tool_provider.ToolResponse:
        # TODO_execute_tool_body
        raise NotImplementedError


class GetWorkTool(sandbox_run_control.GetWorkTool, InTier[AgentSessionTier], Singleton):
    tier = agent_session

    def __init__(self) -> None:
        # TODO___init___body
        pass

    def execute_tool(self, actual_parameter_bindings: Mapping[tool_provider.ToolParameter[Any, Any], tool_provider.SomeParameterActualType]) -> tool_provider.ToolResponse:
        # TODO_execute_tool_body
        raise NotImplementedError


class RunController(sandbox_run_control.RunController, InTier[AgentSessionTier], Singleton):
    tier = agent_session

    def __init__(self) -> None:
        # TODO___init___body
        pass

    @property
    def verification_checks(self) -> Sequence[agent_node_config.VerificationCheck]:
        # TODO_verification_checks_body
        raise NotImplementedError

    def update_verification(self) -> None:
        # TODO_update_verification_body
        raise NotImplementedError


def __initialize__(registry: Optional[LifecycleRegistry] = None) -> None:
    reg = get_default_registry() if registry is None else registry
    reg.register_singleton(
        CheckFilesTool,
        keys=[CheckFilesTool, sandbox_run_control.CheckFilesTool, InTier[AgentSessionTier]],
        tier=agent_session,
    )
    reg.register_singleton(
        AdvanceTool,
        keys=[AdvanceTool, sandbox_run_control.AdvanceTool, InTier[AgentSessionTier]],
        tier=agent_session,
    )
    reg.register_singleton(
        SubmitTool,
        keys=[SubmitTool, sandbox_run_control.SubmitTool, InTier[AgentSessionTier]],
        tier=agent_session,
    )
    reg.register_singleton(
        FailTool,
        keys=[FailTool, sandbox_run_control.FailTool, InTier[AgentSessionTier]],
        tier=agent_session,
    )
    reg.register_singleton(
        BlameTool,
        keys=[BlameTool, sandbox_run_control.BlameTool, InTier[AgentSessionTier]],
        tier=agent_session,
    )
    reg.register_singleton(
        GetWorkTool,
        keys=[GetWorkTool, sandbox_run_control.GetWorkTool, InTier[AgentSessionTier]],
        tier=agent_session,
    )
    reg.register_singleton(
        RunController,
        keys=[RunController, sandbox_run_control.RunController, InTier[AgentSessionTier]],
        tier=agent_session,
    )

_initialize_ = __initialize__
