from __future__ import annotations
from typing import Any, Mapping, Optional
from support.lib.lifecycle import LifecycleRegistry, Singleton, get_default_registry, get_singleton, system
from staging.parts.agent.lib.agent_session import agent_session
from agent_session import AgentSessionTier
import template_format

# Requirements specified in template_format_impl.pyi

class TemplateFormatter(template_format.TemplateFormatter, InTier[AgentSessionTier], Singleton):
    tier = agent_session

    def __init__(self) -> None:
        # TODO___init___body
        pass

    def format_template(self, text: template_format.TemplateText, parameters: Mapping[template_format.TemplateKey, Any]) -> template_format.FormattedText:
        # TODO_format_template_body
        raise NotImplementedError


def __initialize__(registry: Optional[LifecycleRegistry] = None) -> None:
    reg = get_default_registry() if registry is None else registry
    reg.register_singleton(
        TemplateFormatter,
        keys=[TemplateFormatter, template_format.TemplateFormatter, InTier[AgentSessionTier]],
        tier=agent_session,
    )

_initialize_ = __initialize__
