from __future__ import annotations
from typing import Mapping, Optional
from support.lib.lifecycle import LifecycleRegistry, Singleton, get_default_registry, get_singleton, system
from staging.parts.agent.lib.agent_session import agent_session
import tool_provider

# Requirements specified in tool_provider_impl.pyi

class ToolManager(tool_provider.ToolManager, Singleton):
    tier = agent_session

    def __init__(self) -> None:
        # TODO___init___body
        pass

    @property
    def installed_tools(self) -> Mapping[tool_provider.ToolName, tool_provider.Tool]:
        # TODO_installed_tools_body
        raise NotImplementedError

    def install_tool(self, tool: tool_provider.Tool) -> None:
        # TODO_install_tool_body
        raise NotImplementedError

    def execute_tool(self, name: tool_provider.ToolName, wire_parameter_bindings: Mapping[tool_provider.ParameterName, tool_provider.WireType]) -> tool_provider.ToolResponse:
        # TODO_execute_tool_body
        raise NotImplementedError


def __initialize__(registry: Optional[LifecycleRegistry] = None) -> None:
    reg = get_default_registry() if registry is None else registry
    reg.register_singleton(
        ToolManager,
        keys=[ToolManager, tool_provider.ToolManager],
        tier=agent_session,
    )

_initialize_ = __initialize__
