from __future__ import annotations
from typing import Optional, Sequence
from support.lib.lifecycle import LifecycleRegistry, Singleton, get_default_registry, get_singleton, system
from dag_storage import DagNode
import dag_subgraph

# Requirements specified in dag_subgraph_impl.pyi

class DagSubgraph(dag_subgraph.DagSubgraph, InTier[SystemTier], Singleton):
    tier = system

    def __init__(self) -> None:
        # TODO___init___body
        pass

    def set_target(self, target: DagNode) -> None:
        # TODO_set_target_body
        raise NotImplementedError

    def is_complete(self) -> bool:
        # TODO_is_complete_body
        raise NotImplementedError

    def next_ready_batch(self) -> Sequence[DagNode]:
        # TODO_next_ready_batch_body
        raise NotImplementedError

    def record_visit(self, batch: Sequence[DagNode]) -> None:
        # TODO_record_visit_body
        raise NotImplementedError


def __initialize__(registry: Optional[LifecycleRegistry] = None) -> None:
    reg = get_default_registry() if registry is None else registry
    reg.register_singleton(
        DagSubgraph,
        keys=[DagSubgraph, dag_subgraph.DagSubgraph, InTier[SystemTier]],
        tier=system,
    )

_initialize_ = __initialize__
