from __future__ import annotations
from typing import Any, Mapping, Optional, Union
from support.lib.lifecycle import LifecycleRegistry, Singleton, get_default_registry, get_singleton, system
from staging.parts.agent.lib.agent_session import agent_session
from agent_session import AgentSessionTier
import loop_guard
import tool_provider

# Requirements specified in loop_guard_impl.pyi

class LoopGuard(loop_guard.LoopGuard, InTier[AgentSessionTier], Singleton):
    tier = agent_session

    def __init__(self) -> None:
        # TODO___init___body
        pass

    def evaluate(self, tool_name: tool_provider.ToolName, arguments: Mapping[tool_provider.ToolParameter[Any, Any], tool_provider.SomeParameterActualType]) -> Optional[Union[loop_guard.LoopReminder, loop_guard.LoopFailure]]:
        # TODO_evaluate_body
        raise NotImplementedError

    def reset(self) -> None:
        # TODO_reset_body
        raise NotImplementedError


def __initialize__(registry: Optional[LifecycleRegistry] = None) -> None:
    reg = get_default_registry() if registry is None else registry
    reg.register_singleton(
        LoopGuard,
        keys=[LoopGuard, loop_guard.LoopGuard, InTier[AgentSessionTier]],
        tier=agent_session,
    )

_initialize_ = __initialize__
