from __future__ import annotations
from typing import Optional
from support.lib.lifecycle import LifecycleRegistry, Singleton, get_default_registry, get_singleton, system
import dag_storage
import loop_cleaner
import loop_node_cleaner

# Requirements specified in loop_cleaner_impl.pyi

class LoopCleaner(loop_cleaner.LoopCleaner, InTier[SystemTier], Singleton):
    tier = system

    def __init__(self) -> None:
        # TODO___init___body
        pass

    def clean(self, target: dag_storage.DagNode, node_cleaner: loop_node_cleaner.NodeCleaner) -> bool:
        # TODO_clean_body
        raise NotImplementedError


def __initialize__(registry: Optional[LifecycleRegistry] = None) -> None:
    reg = get_default_registry() if registry is None else registry
    reg.register_singleton(
        LoopCleaner,
        keys=[LoopCleaner, loop_cleaner.LoopCleaner, InTier[SystemTier]],
        tier=system,
    )

_initialize_ = __initialize__
