from __future__ import annotations
from typing import Optional
from support.lib.lifecycle import LifecycleRegistry, Singleton, get_default_registry, get_singleton, system
import file_paths

# Requirements specified in file_paths_impl.pyi

class FilePathManager(file_paths.FilePathManager, Singleton):
    tier = system

    def __init__(self) -> None:
        # TODO___init___body
        pass

    def create_host_path(self, path: file_paths.PathString) -> file_paths.HostPath:
        # TODO_create_host_path_body
        raise NotImplementedError

    def create_absolute_path(self, path: file_paths.PathString) -> file_paths.AbsolutePath:
        # TODO_create_absolute_path_body
        raise NotImplementedError

    def create_workspace_path(self, path: file_paths.PathString) -> file_paths.WorkspacePath:
        # TODO_create_workspace_path_body
        raise NotImplementedError

    def resolve_path(self, root: file_paths.AbsolutePath, relative: file_paths.WorkspacePath) -> file_paths.AbsolutePath:
        # TODO_resolve_path_body
        raise NotImplementedError


def __initialize__(registry: Optional[LifecycleRegistry] = None) -> None:
    reg = get_default_registry() if registry is None else registry
    reg.register_singleton(
        FilePathManager,
        keys=[FilePathManager, file_paths.FilePathManager],
        tier=system,
    )

_initialize_ = __initialize__
